// Jest Snapshot v1, https://goo.gl/fbAQLP

exports[`should render Expense Item correctly 1`] = `
<div>
  <Link
    to="/edit/1"
  >
    <p>
      Description: 
      Gum
    </p>
  </Link>
  <p>
    Amount: 
    195
  </p>
  <p>
    Created at: 
    1970-01-01T00:00:00.000Z
  </p>
</div>
`;
